<html>
<body>
<pre>
<h1>µVision Build Log</h1>
<h2>Project:</h2>
D:\Documents\GitHub\Atomwear\AtomWear_V1.0\Applications\keil_uvision_projects\AtomWear_DFU\AtomWear_DFU.uvproj
Project File Date:  08/08/2014

<h2>Output:</h2>
Build Project 'AtomWear_DFU' - Target 'Atom_Wear_DFU'
creating preprocessor file for main.c...
compiling main.c...
creating preprocessor file for xprintf.c...
compiling xprintf.c...
assembling arm_startup_nrf51.s...
creating preprocessor file for system_nrf51.c...
compiling system_nrf51.c...
creating preprocessor file for nrf_delay.c...
compiling nrf_delay.c...
creating preprocessor file for simple_uart.c...
compiling simple_uart.c...
creating preprocessor file for app_timer.c...
compiling app_timer.c...
D:\Documents\GitHub\Atomwear\AtomWear_V1.0\Applications\keil_uvision_projects\AtomWear_DFU\Source\ble_lib\app_timer.c(361): warning:  #177-D: function "timer_timeouts_check" was declared but never referenced
creating preprocessor file for ble_advdata.c...
compiling ble_advdata.c...
creating preprocessor file for ble_conn_params.c...
compiling ble_conn_params.c...
creating preprocessor file for ble_debug_assert_handler.c...
compiling ble_debug_assert_handler.c...
creating preprocessor file for ble_error_log.c...
compiling ble_error_log.c...
creating preprocessor file for ble_flash.c...
compiling ble_flash.c...
creating preprocessor file for ble_stack_handler.c...
compiling ble_stack_handler.c...
creating preprocessor file for ble_nus.c...
compiling ble_nus.c...
creating preprocessor file for ble_srv_common.c...
compiling ble_srv_common.c...
creating preprocessor file for ble_startup.c...
compiling ble_startup.c...
creating preprocessor file for flash_ctrl.c...
compiling flash_ctrl.c...
creating preprocessor file for timer.c...
compiling timer.c...
creating preprocessor file for dfu_ctrl.c...
compiling dfu_ctrl.c...
linking...
Program Size: Code=13812 RO-data=228 RW-data=124 ZI-data=4460  
FromELF: creating hex file...
User command #1: C:\Keil\ARM\ARMCC\bin\fromelf.exe --bin -o  .\output\AtomWear_DFU.bin .\output\AtomWear_DFU.axf
".\output\AtomWear_DFU.axf" - 0 Error(s), 1 Warning(s).
Build Project 'AtomWear_DFU' - Target 'Atom_Wear_DFU'
creating preprocessor file for main.c...
compiling main.c...
creating preprocessor file for xprintf.c...
compiling xprintf.c...
creating preprocessor file for system_nrf51.c...
compiling system_nrf51.c...
creating preprocessor file for nrf_delay.c...
compiling nrf_delay.c...
creating preprocessor file for simple_uart.c...
compiling simple_uart.c...
creating preprocessor file for app_timer.c...
compiling app_timer.c...
D:\Documents\GitHub\Atomwear\AtomWear_V1.0\Applications\keil_uvision_projects\AtomWear_DFU\Source\ble_lib\app_timer.c(361): warning:  #177-D: function "timer_timeouts_check" was declared but never referenced
creating preprocessor file for ble_advdata.c...
compiling ble_advdata.c...
creating preprocessor file for ble_conn_params.c...
compiling ble_conn_params.c...
creating preprocessor file for ble_debug_assert_handler.c...
compiling ble_debug_assert_handler.c...
creating preprocessor file for ble_error_log.c...
compiling ble_error_log.c...
creating preprocessor file for ble_flash.c...
compiling ble_flash.c...
creating preprocessor file for ble_stack_handler.c...
compiling ble_stack_handler.c...
creating preprocessor file for ble_nus.c...
compiling ble_nus.c...
creating preprocessor file for ble_srv_common.c...
compiling ble_srv_common.c...
creating preprocessor file for ble_startup.c...
compiling ble_startup.c...
creating preprocessor file for flash_ctrl.c...
compiling flash_ctrl.c...
creating preprocessor file for timer.c...
compiling timer.c...
creating preprocessor file for dfu_ctrl.c...
compiling dfu_ctrl.c...
linking...
Program Size: Code=13812 RO-data=228 RW-data=124 ZI-data=4460  
FromELF: creating hex file...
User command #1: C:\Keil\ARM\ARMCC\bin\fromelf.exe --bin -o  .\output\AtomWear_DFU.bin .\output\AtomWear_DFU.axf
".\output\AtomWear_DFU.axf" - 0 Error(s), 1 Warning(s).
