ARM Linker, 5.02 [Build 28] [MDK-ARM Professional]

==============================================================================

Section Cross References

    main.o(.text) refers to simple_uart.o(.text) for simple_uart_config
    main.o(.text) refers to xprintf.o(.text) for xprintf
    main.o(.text) refers to dfu_ctrl.o(.text) for region1_is_valid
    main.o(.text) refers to flash_ctrl.o(.text) for system_app_pages_erase
    main.o(.text) refers to ble_startup.o(.text) for ble_start
    xprintf.o(.text) refers to simple_uart.o(.text) for simple_uart_put
    xprintf.o(.text) refers to aeabi_sdiv.o(.text) for __aeabi_uidivmod
    xprintf.o(.text) refers to xprintf.o(.data) for outptr
    arm_startup_nrf51.o(STACK) refers (Special) to heapauxi.o(.text) for __use_two_region_memory
    arm_startup_nrf51.o(HEAP) refers (Special) to heapauxi.o(.text) for __use_two_region_memory
    arm_startup_nrf51.o(RESET) refers (Special) to heapauxi.o(.text) for __use_two_region_memory
    arm_startup_nrf51.o(RESET) refers to arm_startup_nrf51.o(STACK) for __initial_sp
    arm_startup_nrf51.o(RESET) refers to arm_startup_nrf51.o(.text) for Reset_Handler
    arm_startup_nrf51.o(RESET) refers to timer.o(.text) for TIMER1_IRQHandler
    arm_startup_nrf51.o(RESET) refers to app_timer.o(.text) for RTC1_IRQHandler
    arm_startup_nrf51.o(RESET) refers to ble_stack_handler.o(.text) for SWI2_IRQHandler
    arm_startup_nrf51.o(.text) refers (Special) to heapauxi.o(.text) for __use_two_region_memory
    arm_startup_nrf51.o(.text) refers to system_nrf51.o(.text) for SystemInit
    arm_startup_nrf51.o(.text) refers to __main.o(!!!main) for __main
    arm_startup_nrf51.o(.text) refers to arm_startup_nrf51.o(HEAP) for Heap_Mem
    arm_startup_nrf51.o(.text) refers to arm_startup_nrf51.o(STACK) for Stack_Mem
    system_nrf51.o(.text) refers to system_nrf51.o(.data) for SystemCoreClock
    nrf_delay.o(.text) refers to nrf_delay.o(.emb_text) for __asm___11_nrf_delay_c_532987f3__nrf_delay_us
    simple_uart.o(.text) refers to simple_uart.o(.emb_text) for __asm___13_simple_uart_c_5dda6715__nrf_delay_us
    app_timer.o(.text) refers to app_timer.o(.emb_text) for __asm___11_app_timer_c_cd27f9c3__nrf_delay_us
    app_timer.o(.text) refers to ble_startup.o(.text) for app_error_handler
    app_timer.o(.text) refers to app_timer.o(.data) for mp_nodes
    ble_advdata.o(.text) refers to rt_memcpy.o(.text) for __aeabi_memcpy
    ble_conn_params.o(.text) refers to rt_memcpy.o(.emb_text) for __aeabi_memcpy4
    ble_conn_params.o(.text) refers to rt_memcpy.o(.text) for __aeabi_memcpy
    ble_conn_params.o(.text) refers to app_timer.o(.text) for app_timer_create
    ble_conn_params.o(.text) refers to ble_conn_params.o(.data) for m_preferred_conn_params
    ble_conn_params.o(.text) refers to ble_conn_params.o(.bss) for m_conn_params_config
    ble_debug_assert_handler.o(.text) refers to strncpy.o(.text) for strncpy
    ble_debug_assert_handler.o(.text) refers to ble_error_log.o(.text) for ble_error_log_write
    ble_debug_assert_handler.o(.text) refers to ble_debug_assert_handler.o(.bss) for s_file_name
    ble_debug_assert_handler.o(.text) refers to ble_debug_assert_handler.o(.data) for s_line_num
    ble_error_log.o(.text) refers to rt_memcpy.o(.emb_text) for __aeabi_memcpy4
    ble_error_log.o(.text) refers to strncpy.o(.text) for strncpy
    ble_error_log.o(.text) refers to aeabi_sdiv.o(.text) for __aeabi_uidivmod
    ble_error_log.o(.text) refers to ble_flash.o(.text) for ble_flash_page_write
    ble_error_log.o(.text) refers to ble_startup.o(.text) for app_error_handler
    ble_error_log.o(.text) refers to arm_startup_nrf51.o(RESET) for __Vectors
    ble_error_log.o(.text) refers to ble_error_log.o(.bss) for m_ble_error_log
    ble_error_log.o(.text) refers to ble_error_log.o(.data) for m_ble_log_clear_flag
    ble_flash.o(.text) refers to rt_memcpy.o(.emb_text) for __aeabi_memcpy4
    ble_flash.o(.text) refers to ble_flash.o(.data) for m_radio_active
    ble_stack_handler.o(.text) refers to ble_startup.o(.text) for assert_nrf_callback
    ble_stack_handler.o(.text) refers to ble_stack_handler.o(.data) for m_evt_buffer
    ble_nus.o(.text) refers to rt_memclr.o(.text) for __aeabi_memclr4
    ble_nus.o(.text) refers to ble_nus.o(.constdata) for .constdata
    ble_srv_common.o(.text) refers to strlen.o(.text) for strlen
    ble_startup.o(.text) refers to aeabi_sdiv.o(.text) for __aeabi_uidivmod
    ble_startup.o(.text) refers to rt_memclr.o(.text) for __aeabi_memclr4
    ble_startup.o(.text) refers to ble_nus.o(.text) for ble_nus_send_string
    ble_startup.o(.text) refers to timer.o(.text) for time1_init
    ble_startup.o(.text) refers to xprintf.o(.text) for xprintf
    ble_startup.o(.text) refers to flash_ctrl.o(.text) for system_page_refresh
    ble_startup.o(.text) refers to nrf_delay.o(.text) for nrf_delay_ms
    ble_startup.o(.text) refers to ble_debug_assert_handler.o(.text) for ble_debug_assert_handler
    ble_startup.o(.text) refers to app_timer.o(.text) for app_timer_init
    ble_startup.o(.text) refers to ble_advdata.o(.text) for ble_advdata_set
    ble_startup.o(.text) refers to ble_startup.o(.bss) for ble_rec
    ble_startup.o(.text) refers to ble_startup.o(.data) for i
    ble_startup.o(.text) refers to ble_startup.o(.constdata) for .constdata
    ble_startup.o(.text) refers to ble_conn_params.o(.text) for ble_conn_params_init
    ble_startup.o(.text) refers to rt_memcpy.o(.text) for __aeabi_memcpy
    ble_startup.o(.text) refers to ble_stack_handler.o(.text) for ble_stack_handler_init
    flash_ctrl.o(.text) refers to ble_startup.o(.text) for get_dfu_amount
    flash_ctrl.o(.text) refers to xprintf.o(.text) for xprintf
    timer.o(.text) refers to ble_startup.o(.text) for set_ble_rec_state
    dfu_ctrl.o(.text) refers to dfu_ctrl.o(.emb_text) for Start_Device_Firmware_Update
    dfu_ctrl.o(.text) refers to ble_startup.o(.text) for app_error_handler
    rt_memcpy.o(.text) refers to rt_memcpy.o(.emb_text) for __aeabi_memcpy4
    strncpy.o(.text) refers to rt_memclr.o(.text) for __rt_memclr
    __main.o(!!!main) refers to rtentry.o(.ARM.Collect$$rtentry$$00000000) for __rt_entry
    rtentry.o(.ARM.Collect$$rtentry$$00000000) refers (Special) to rtentry2.o(.ARM.Collect$$rtentry$$0000000A) for __rt_entry_li
    rtentry.o(.ARM.Collect$$rtentry$$00000000) refers (Special) to rtentry2.o(.ARM.Collect$$rtentry$$0000000D) for __rt_entry_main
    rtentry.o(.ARM.Collect$$rtentry$$00000000) refers (Special) to rtentry2.o(.ARM.Collect$$rtentry$$0000000C) for __rt_entry_postli_1
    rtentry.o(.ARM.Collect$$rtentry$$00000000) refers (Special) to rtentry2.o(.ARM.Collect$$rtentry$$00000009) for __rt_entry_postsh_1
    rtentry.o(.ARM.Collect$$rtentry$$00000000) refers (Special) to rtentry2.o(.ARM.Collect$$rtentry$$00000002) for __rt_entry_presh_1
    rtentry.o(.ARM.Collect$$rtentry$$00000000) refers (Special) to rtentry4.o(.ARM.Collect$$rtentry$$00000004) for __rt_entry_sh
    aeabi_idiv0_sigfpe.o(.text) refers to rt_div0.o(.text) for __rt_div0
    rtentry2.o(.ARM.Collect$$rtentry$$00000008) refers to boardinit2.o(.text) for _platform_post_stackheap_init
    rtentry2.o(.ARM.Collect$$rtentry$$0000000A) refers to libinit.o(.ARM.Collect$$libinit$$00000000) for __rt_lib_init
    rtentry2.o(.ARM.Collect$$rtentry$$0000000B) refers to boardinit3.o(.text) for _platform_post_lib_init
    rtentry2.o(.ARM.Collect$$rtentry$$0000000D) refers to main.o(.text) for main
    rtentry2.o(.ARM.Collect$$rtentry$$0000000D) refers to exit.o(.text) for exit
    rtentry2.o(.ARM.exidx) refers to rtentry2.o(.ARM.Collect$$rtentry$$00000001) for .ARM.Collect$$rtentry$$00000001
    rtentry2.o(.ARM.exidx) refers to rtentry2.o(.ARM.Collect$$rtentry$$00000008) for .ARM.Collect$$rtentry$$00000008
    rtentry2.o(.ARM.exidx) refers to rtentry2.o(.ARM.Collect$$rtentry$$0000000A) for .ARM.Collect$$rtentry$$0000000A
    rtentry2.o(.ARM.exidx) refers to rtentry2.o(.ARM.Collect$$rtentry$$0000000B) for .ARM.Collect$$rtentry$$0000000B
    rtentry2.o(.ARM.exidx) refers to rtentry2.o(.ARM.Collect$$rtentry$$0000000D) for .ARM.Collect$$rtentry$$0000000D
    rtentry4.o(.ARM.Collect$$rtentry$$00000004) refers to sys_stackheap_outer.o(.text) for __user_setup_stackheap
    rtentry4.o(.ARM.exidx) refers to rtentry4.o(.ARM.Collect$$rtentry$$00000004) for .ARM.Collect$$rtentry$$00000004
    rt_div0.o(.text) refers to defsig_fpe_outer.o(.text) for __rt_SIGFPE
    sys_stackheap_outer.o(.text) refers to libspace.o(.text) for __user_perproc_libspace
    sys_stackheap_outer.o(.text) refers to arm_startup_nrf51.o(.text) for __user_initial_stackheap
    sys_stackheap_outer.o(__vectab_stack_and_reset_area) refers to tempstk.o(.text) for __temporary_stack_top
    sys_stackheap_outer.o(__vectab_stack_and_reset_area) refers to __main.o(!!!main) for __main
    exit.o(.text) refers to rtexit.o(.ARM.Collect$$rtexit$$00000000) for __rt_exit
    defsig_fpe_outer.o(.text) refers to defsig_fpe_inner.o(.text) for __rt_SIGFPE_inner
    defsig_fpe_outer.o(.text) refers to defsig_exit.o(.text) for __sig_exit
    defsig_fpe_formal.o(.text) refers to rt_raise.o(.text) for __rt_raise
    libinit.o(.ARM.Collect$$libinit$$00000000) refers (Special) to libinit2.o(.ARM.Collect$$libinit$$0000002C) for __rt_lib_init_alloca_1
    libinit.o(.ARM.Collect$$libinit$$00000000) refers (Special) to libinit2.o(.ARM.Collect$$libinit$$0000002A) for __rt_lib_init_argv_1
    libinit.o(.ARM.Collect$$libinit$$00000000) refers (Special) to libinit2.o(.ARM.Collect$$libinit$$00000019) for __rt_lib_init_atexit_1
    libinit.o(.ARM.Collect$$libinit$$00000000) refers (Special) to libinit2.o(.ARM.Collect$$libinit$$0000001F) for __rt_lib_init_clock_1
    libinit.o(.ARM.Collect$$libinit$$00000000) refers (Special) to libinit2.o(.ARM.Collect$$libinit$$00000030) for __rt_lib_init_cpp_1
    libinit.o(.ARM.Collect$$libinit$$00000000) refers (Special) to libinit2.o(.ARM.Collect$$libinit$$0000002E) for __rt_lib_init_exceptions_1
    libinit.o(.ARM.Collect$$libinit$$00000000) refers (Special) to libinit2.o(.ARM.Collect$$libinit$$00000001) for __rt_lib_init_fp_1
    libinit.o(.ARM.Collect$$libinit$$00000000) refers (Special) to libinit2.o(.ARM.Collect$$libinit$$0000001D) for __rt_lib_init_fp_trap_1
    libinit.o(.ARM.Collect$$libinit$$00000000) refers (Special) to libinit2.o(.ARM.Collect$$libinit$$00000021) for __rt_lib_init_getenv_1
    libinit.o(.ARM.Collect$$libinit$$00000000) refers (Special) to libinit2.o(.ARM.Collect$$libinit$$00000008) for __rt_lib_init_heap_1
    libinit.o(.ARM.Collect$$libinit$$00000000) refers (Special) to libinit2.o(.ARM.Collect$$libinit$$0000000F) for __rt_lib_init_lc_collate_1
    libinit.o(.ARM.Collect$$libinit$$00000000) refers (Special) to libinit2.o(.ARM.Collect$$libinit$$00000011) for __rt_lib_init_lc_ctype_1
    libinit.o(.ARM.Collect$$libinit$$00000000) refers (Special) to libinit2.o(.ARM.Collect$$libinit$$00000013) for __rt_lib_init_lc_monetary_1
    libinit.o(.ARM.Collect$$libinit$$00000000) refers (Special) to libinit2.o(.ARM.Collect$$libinit$$00000015) for __rt_lib_init_lc_numeric_1
    libinit.o(.ARM.Collect$$libinit$$00000000) refers (Special) to libinit2.o(.ARM.Collect$$libinit$$00000017) for __rt_lib_init_lc_time_1
    libinit.o(.ARM.Collect$$libinit$$00000000) refers (Special) to libinit2.o(.ARM.Collect$$libinit$$0000000C) for __rt_lib_init_rand_1
    libinit.o(.ARM.Collect$$libinit$$00000000) refers (Special) to libinit2.o(.ARM.Collect$$libinit$$00000031) for __rt_lib_init_return
    libinit.o(.ARM.Collect$$libinit$$00000000) refers (Special) to libinit2.o(.ARM.Collect$$libinit$$0000001B) for __rt_lib_init_signal_1
    libinit.o(.ARM.Collect$$libinit$$00000000) refers (Special) to libinit2.o(.ARM.Collect$$libinit$$00000023) for __rt_lib_init_stdio_1
    libinit.o(.ARM.Collect$$libinit$$00000000) refers (Special) to libinit2.o(.ARM.Collect$$libinit$$0000000A) for __rt_lib_init_user_alloc_1
    libspace.o(.text) refers to libspace.o(.bss) for __libspace_start
    rtexit.o(.ARM.Collect$$rtexit$$00000000) refers (Special) to rtexit2.o(.ARM.Collect$$rtexit$$00000004) for __rt_exit_exit
    rtexit.o(.ARM.Collect$$rtexit$$00000000) refers (Special) to rtexit2.o(.ARM.Collect$$rtexit$$00000003) for __rt_exit_ls
    rtexit.o(.ARM.Collect$$rtexit$$00000000) refers (Special) to rtexit2.o(.ARM.Collect$$rtexit$$00000002) for __rt_exit_prels_1
    rtexit.o(.ARM.exidx) refers (Special) to rtexit2.o(.ARM.Collect$$rtexit$$00000004) for __rt_exit_exit
    rtexit.o(.ARM.exidx) refers (Special) to rtexit2.o(.ARM.Collect$$rtexit$$00000003) for __rt_exit_ls
    rtexit.o(.ARM.exidx) refers (Special) to rtexit2.o(.ARM.Collect$$rtexit$$00000002) for __rt_exit_prels_1
    rtexit.o(.ARM.exidx) refers to rtexit.o(.ARM.Collect$$rtexit$$00000000) for .ARM.Collect$$rtexit$$00000000
    rt_raise.o(.text) refers to __raise.o(.text) for __raise
    rt_raise.o(.text) refers to sys_exit.o(.text) for _sys_exit
    defsig_exit.o(.text) refers to sys_exit.o(.text) for _sys_exit
    defsig_fpe_inner.o(.text) refers to defsig_general.o(.text) for __default_signal_display
    libinit2.o(.ARM.Collect$$libinit$$0000000E) refers to libinit2.o(.ARM.Collect$$libinit$$0000000D) for .ARM.Collect$$libinit$$0000000D
    libinit2.o(.ARM.Collect$$libinit$$00000010) refers to libinit2.o(.ARM.Collect$$libinit$$0000000D) for .ARM.Collect$$libinit$$0000000D
    libinit2.o(.ARM.Collect$$libinit$$00000012) refers to libinit2.o(.ARM.Collect$$libinit$$0000000D) for .ARM.Collect$$libinit$$0000000D
    libinit2.o(.ARM.Collect$$libinit$$00000014) refers to libinit2.o(.ARM.Collect$$libinit$$0000000D) for .ARM.Collect$$libinit$$0000000D
    libinit2.o(.ARM.Collect$$libinit$$00000016) refers to libinit2.o(.ARM.Collect$$libinit$$0000000D) for .ARM.Collect$$libinit$$0000000D
    libinit2.o(.ARM.Collect$$libinit$$00000024) refers to argv_veneer.o(.text) for __ARM_argv_veneer
    libinit2.o(.ARM.Collect$$libinit$$00000025) refers to argv_veneer.o(.text) for __ARM_argv_veneer
    sys_exit.o(.text) refers (Special) to use_no_semi.o(.text) for __I$use$semihosting
    sys_exit.o(.text) refers (Special) to indicate_semi.o(.text) for __semihosting_library_function
    rtexit2.o(.ARM.Collect$$rtexit$$00000003) refers to libshutdown.o(.ARM.Collect$$libshutdown$$00000000) for __rt_lib_shutdown
    rtexit2.o(.ARM.Collect$$rtexit$$00000004) refers to sys_exit.o(.text) for _sys_exit
    rtexit2.o(.ARM.exidx) refers to rtexit2.o(.ARM.Collect$$rtexit$$00000001) for .ARM.Collect$$rtexit$$00000001
    rtexit2.o(.ARM.exidx) refers to rtexit2.o(.ARM.Collect$$rtexit$$00000003) for .ARM.Collect$$rtexit$$00000003
    rtexit2.o(.ARM.exidx) refers to rtexit2.o(.ARM.Collect$$rtexit$$00000004) for .ARM.Collect$$rtexit$$00000004
    __raise.o(.text) refers to defsig.o(CL$$defsig) for __default_signal_handler
    defsig_general.o(.text) refers to sys_wrch.o(.text) for _ttywrch
    sys_wrch.o(.text) refers (Special) to use_no_semi.o(.text) for __I$use$semihosting
    sys_wrch.o(.text) refers (Special) to indicate_semi.o(.text) for __semihosting_library_function
    defsig.o(CL$$defsig) refers to defsig_fpe_inner.o(.text) for __rt_SIGFPE_inner
    defsig.o(CL$$defsig) refers to defsig_rtmem_inner.o(.text) for __rt_SIGRTMEM_inner
    _get_argv_nomalloc.o(.text) refers (Special) to hrguard.o(.text) for __heap_region$guard
    _get_argv_nomalloc.o(.text) refers to defsig_rtmem_outer.o(.text) for __rt_SIGRTMEM
    _get_argv_nomalloc.o(.text) refers to sys_command.o(.text) for _sys_command_string
    libshutdown.o(.ARM.Collect$$libshutdown$$00000000) refers (Special) to libshutdown2.o(.ARM.Collect$$libshutdown$$00000006) for __rt_lib_shutdown_fp_trap_1
    libshutdown.o(.ARM.Collect$$libshutdown$$00000000) refers (Special) to libshutdown2.o(.ARM.Collect$$libshutdown$$0000000E) for __rt_lib_shutdown_heap_1
    libshutdown.o(.ARM.Collect$$libshutdown$$00000000) refers (Special) to libshutdown2.o(.ARM.Collect$$libshutdown$$0000000F) for __rt_lib_shutdown_return
    libshutdown.o(.ARM.Collect$$libshutdown$$00000000) refers (Special) to libshutdown2.o(.ARM.Collect$$libshutdown$$00000009) for __rt_lib_shutdown_signal_1
    libshutdown.o(.ARM.Collect$$libshutdown$$00000000) refers (Special) to libshutdown2.o(.ARM.Collect$$libshutdown$$00000003) for __rt_lib_shutdown_stdio_1
    libshutdown.o(.ARM.Collect$$libshutdown$$00000000) refers (Special) to libshutdown2.o(.ARM.Collect$$libshutdown$$0000000B) for __rt_lib_shutdown_user_alloc_1
    sys_command.o(.text) refers (Special) to use_no_semi.o(.text) for __I$use$semihosting
    sys_command.o(.text) refers (Special) to indicate_semi.o(.text) for __semihosting_library_function
    defsig_abrt_inner.o(.text) refers to defsig_general.o(.text) for __default_signal_display
    defsig_rtred_inner.o(.text) refers to defsig_general.o(.text) for __default_signal_display
    defsig_rtmem_inner.o(.text) refers to defsig_general.o(.text) for __default_signal_display
    defsig_rtmem_outer.o(.text) refers to defsig_rtmem_inner.o(.text) for __rt_SIGRTMEM_inner
    defsig_rtmem_outer.o(.text) refers to defsig_exit.o(.text) for __sig_exit
    defsig_rtmem_formal.o(.text) refers to rt_raise.o(.text) for __rt_raise
    defsig_stak_inner.o(.text) refers to defsig_general.o(.text) for __default_signal_display
    defsig_pvfn_inner.o(.text) refers to defsig_general.o(.text) for __default_signal_display
    defsig_cppl_inner.o(.text) refers to defsig_general.o(.text) for __default_signal_display
    defsig_segv_inner.o(.text) refers to defsig_general.o(.text) for __default_signal_display
    defsig_other.o(.text) refers to defsig_general.o(.text) for __default_signal_display


==============================================================================

Removing Unused input sections from the image.

    Removing main.o(.rev16_text), (4 bytes).
    Removing main.o(.revsh_text), (4 bytes).
    Removing main.o(.emb_text), (30 bytes).
    Removing nrf_delay.o(.rev16_text), (4 bytes).
    Removing nrf_delay.o(.revsh_text), (4 bytes).
    Removing simple_uart.o(.rev16_text), (4 bytes).
    Removing simple_uart.o(.revsh_text), (4 bytes).
    Removing app_timer.o(.rev16_text), (4 bytes).
    Removing app_timer.o(.revsh_text), (4 bytes).
    Removing ble_advdata.o(.rev16_text), (4 bytes).
    Removing ble_advdata.o(.revsh_text), (4 bytes).
    Removing ble_conn_params.o(.rev16_text), (4 bytes).
    Removing ble_conn_params.o(.revsh_text), (4 bytes).
    Removing ble_debug_assert_handler.o(.rev16_text), (4 bytes).
    Removing ble_debug_assert_handler.o(.revsh_text), (4 bytes).
    Removing ble_error_log.o(.rev16_text), (4 bytes).
    Removing ble_error_log.o(.revsh_text), (4 bytes).
    Removing ble_flash.o(.rev16_text), (4 bytes).
    Removing ble_flash.o(.revsh_text), (4 bytes).
    Removing ble_stack_handler.o(.rev16_text), (4 bytes).
    Removing ble_stack_handler.o(.revsh_text), (4 bytes).
    Removing ble_nus.o(.rev16_text), (4 bytes).
    Removing ble_nus.o(.revsh_text), (4 bytes).
    Removing ble_srv_common.o(.rev16_text), (4 bytes).
    Removing ble_srv_common.o(.revsh_text), (4 bytes).
    Removing ble_srv_common.o(.text), (42 bytes).
    Removing ble_startup.o(.rev16_text), (4 bytes).
    Removing ble_startup.o(.revsh_text), (4 bytes).
    Removing ble_startup.o(.emb_text), (30 bytes).
    Removing flash_ctrl.o(.rev16_text), (4 bytes).
    Removing flash_ctrl.o(.revsh_text), (4 bytes).
    Removing flash_ctrl.o(.emb_text), (30 bytes).
    Removing timer.o(.rev16_text), (4 bytes).
    Removing timer.o(.revsh_text), (4 bytes).
    Removing timer.o(.emb_text), (30 bytes).
    Removing dfu_ctrl.o(.rev16_text), (4 bytes).
    Removing dfu_ctrl.o(.revsh_text), (4 bytes).

37 unused section(s) (total 290 bytes) removed from the image.

==============================================================================

Image Symbol Table

    Local Symbols

    Symbol Name                              Value     Ov Type        Size  Object(Section)

    ../clib/angel/boardlib.s                 0x00000000   Number         0  boardshut.o ABSOLUTE
    ../clib/angel/boardlib.s                 0x00000000   Number         0  boardinit3.o ABSOLUTE
    ../clib/angel/boardlib.s                 0x00000000   Number         0  boardinit2.o ABSOLUTE
    ../clib/angel/boardlib.s                 0x00000000   Number         0  boardinit1.o ABSOLUTE
    ../clib/angel/handlers.s                 0x00000000   Number         0  __scatter_copy.o ABSOLUTE
    ../clib/angel/kernel.s                   0x00000000   Number         0  rtexit.o ABSOLUTE
    ../clib/angel/kernel.s                   0x00000000   Number         0  rtentry.o ABSOLUTE
    ../clib/angel/kernel.s                   0x00000000   Number         0  rtexit2.o ABSOLUTE
    ../clib/angel/kernel.s                   0x00000000   Number         0  rtentry4.o ABSOLUTE
    ../clib/angel/kernel.s                   0x00000000   Number         0  rtentry2.o ABSOLUTE
    ../clib/angel/rt.s                       0x00000000   Number         0  rt_raise.o ABSOLUTE
    ../clib/angel/rt.s                       0x00000000   Number         0  rt_div0.o ABSOLUTE
    ../clib/angel/rt.s                       0x00000000   Number         0  aeabi_idiv0_sigfpe.o ABSOLUTE
    ../clib/angel/rt.s                       0x00000000   Number         0  aeabi_idiv0.o ABSOLUTE
    ../clib/angel/scatterp.s                 0x00000000   Number         0  __scatter.o ABSOLUTE
    ../clib/angel/startup.s                  0x00000000   Number         0  __main.o ABSOLUTE
    ../clib/angel/sys.s                      0x00000000   Number         0  use_no_semi.o ABSOLUTE
    ../clib/angel/sys.s                      0x00000000   Number         0  indicate_semi.o ABSOLUTE
    ../clib/angel/sys.s                      0x00000000   Number         0  tempstk.o ABSOLUTE
    ../clib/angel/sys.s                      0x00000000   Number         0  libspace.o ABSOLUTE
    ../clib/angel/sys.s                      0x00000000   Number         0  sys_stackheap_outer.o ABSOLUTE
    ../clib/angel/sysapp.c                   0x00000000   Number         0  sys_exit.o ABSOLUTE
    ../clib/angel/sysapp.c                   0x00000000   Number         0  sys_wrch.o ABSOLUTE
    ../clib/angel/sysapp.c                   0x00000000   Number         0  sys_command.o ABSOLUTE
    ../clib/armsys.c                         0x00000000   Number         0  argv_veneer.o ABSOLUTE
    ../clib/armsys.c                         0x00000000   Number         0  _get_argv_nomalloc.o ABSOLUTE
    ../clib/armsys.c                         0x00000000   Number         0  no_argv.o ABSOLUTE
    ../clib/division.s                       0x00000000   Number         0  aeabi_sdiv.o ABSOLUTE
    ../clib/division.s                       0x00000000   Number         0  aeabi_sdiv_div0.o ABSOLUTE
    ../clib/heapalloc.c                      0x00000000   Number         0  hrguard.o ABSOLUTE
    ../clib/heapaux.c                        0x00000000   Number         0  heapauxi.o ABSOLUTE
    ../clib/libinit.s                        0x00000000   Number         0  libinit2.o ABSOLUTE
    ../clib/libinit.s                        0x00000000   Number         0  libinit.o ABSOLUTE
    ../clib/libinit.s                        0x00000000   Number         0  libshutdown2.o ABSOLUTE
    ../clib/libinit.s                        0x00000000   Number         0  libshutdown.o ABSOLUTE
    ../clib/memcpset.c                       0x00000000   Number         0  rt_memcpy.o ABSOLUTE
    ../clib/memcpset.c                       0x00000000   Number         0  rt_memcpy.o ABSOLUTE
    ../clib/memcpset.c                       0x00000000   Number         0  rt_memclr.o ABSOLUTE
    ../clib/signal.c                         0x00000000   Number         0  defsig_fpe_inner.o ABSOLUTE
    ../clib/signal.c                         0x00000000   Number         0  defsig_general.o ABSOLUTE
    ../clib/signal.c                         0x00000000   Number         0  __raise.o ABSOLUTE
    ../clib/signal.c                         0x00000000   Number         0  defsig_rtmem_inner.o ABSOLUTE
    ../clib/signal.c                         0x00000000   Number         0  defsig_rtmem_formal.o ABSOLUTE
    ../clib/signal.c                         0x00000000   Number         0  defsig_rtmem_outer.o ABSOLUTE
    ../clib/signal.c                         0x00000000   Number         0  defsig_exit.o ABSOLUTE
    ../clib/signal.c                         0x00000000   Number         0  defsig_other.o ABSOLUTE
    ../clib/signal.c                         0x00000000   Number         0  defsig_stak_inner.o ABSOLUTE
    ../clib/signal.c                         0x00000000   Number         0  defsig_pvfn_inner.o ABSOLUTE
    ../clib/signal.c                         0x00000000   Number         0  defsig_fpe_formal.o ABSOLUTE
    ../clib/signal.c                         0x00000000   Number         0  defsig_cppl_inner.o ABSOLUTE
    ../clib/signal.c                         0x00000000   Number         0  defsig_segv_inner.o ABSOLUTE
    ../clib/signal.c                         0x00000000   Number         0  defsig_fpe_outer.o ABSOLUTE
    ../clib/signal.c                         0x00000000   Number         0  defsig_rtred_inner.o ABSOLUTE
    ../clib/signal.c                         0x00000000   Number         0  defsig_abrt_inner.o ABSOLUTE
    ../clib/signal.s                         0x00000000   Number         0  defsig.o ABSOLUTE
    ../clib/stdlib.c                         0x00000000   Number         0  exit.o ABSOLUTE
    ../clib/string.c                         0x00000000   Number         0  strncpy.o ABSOLUTE
    ../clib/string.c                         0x00000000   Number         0  strlen.o ABSOLUTE
    ../fplib/cfplib/fpinit.c                 0x00000000   Number         0  fpinit.o ABSOLUTE
    Source\\ble_lib\\app_timer.c             0x00000000   Number         0  app_timer.o ABSOLUTE
    Source\\ble_lib\\ble_advdata.c           0x00000000   Number         0  ble_advdata.o ABSOLUTE
    Source\\ble_lib\\ble_conn_params.c       0x00000000   Number         0  ble_conn_params.o ABSOLUTE
    Source\\ble_lib\\ble_debug_assert_handler.c 0x00000000   Number         0  ble_debug_assert_handler.o ABSOLUTE
    Source\\ble_lib\\ble_error_log.c         0x00000000   Number         0  ble_error_log.o ABSOLUTE
    Source\\ble_lib\\ble_flash.c             0x00000000   Number         0  ble_flash.o ABSOLUTE
    Source\\ble_lib\\ble_stack_handler.c     0x00000000   Number         0  ble_stack_handler.o ABSOLUTE
    Source\\ble_serv\\ble_nus.c              0x00000000   Number         0  ble_nus.o ABSOLUTE
    Source\\ble_serv\\ble_srv_common.c       0x00000000   Number         0  ble_srv_common.o ABSOLUTE
    Source\\ble_serv\\ble_startup.c          0x00000000   Number         0  ble_startup.o ABSOLUTE
    Source\\dfu_ctrl\\dfu_ctrl.c             0x00000000   Number         0  dfu_ctrl.o ABSOLUTE
    Source\\flash_ctrl\\flash_ctrl.c         0x00000000   Number         0  flash_ctrl.o ABSOLUTE
    Source\\nrf_delay\\nrf_delay.c           0x00000000   Number         0  nrf_delay.o ABSOLUTE
    Source\\simple_uart\\simple_uart.c       0x00000000   Number         0  simple_uart.o ABSOLUTE
    Source\\timer\\timer.c                   0x00000000   Number         0  timer.o ABSOLUTE
    Source\ble_lib\app_timer.c               0x00000000   Number         0  app_timer.o ABSOLUTE
    Source\ble_lib\ble_advdata.c             0x00000000   Number         0  ble_advdata.o ABSOLUTE
    Source\ble_lib\ble_conn_params.c         0x00000000   Number         0  ble_conn_params.o ABSOLUTE
    Source\ble_lib\ble_debug_assert_handler.c 0x00000000   Number         0  ble_debug_assert_handler.o ABSOLUTE
    Source\ble_lib\ble_error_log.c           0x00000000   Number         0  ble_error_log.o ABSOLUTE
    Source\ble_lib\ble_flash.c               0x00000000   Number         0  ble_flash.o ABSOLUTE
    Source\ble_lib\ble_stack_handler.c       0x00000000   Number         0  ble_stack_handler.o ABSOLUTE
    Source\ble_serv\ble_nus.c                0x00000000   Number         0  ble_nus.o ABSOLUTE
    Source\ble_serv\ble_srv_common.c         0x00000000   Number         0  ble_srv_common.o ABSOLUTE
    Source\ble_serv\ble_startup.c            0x00000000   Number         0  ble_startup.o ABSOLUTE
    Source\dfu_ctrl\dfu_ctrl.c               0x00000000   Number         0  dfu_ctrl.o ABSOLUTE
    Source\flash_ctrl\flash_ctrl.c           0x00000000   Number         0  flash_ctrl.o ABSOLUTE
    Source\nrf_delay\nrf_delay.c             0x00000000   Number         0  nrf_delay.o ABSOLUTE
    Source\printf\xprintf.c                  0x00000000   Number         0  xprintf.o ABSOLUTE
    Source\simple_uart\simple_uart.c         0x00000000   Number         0  simple_uart.o ABSOLUTE
    Source\templates\arm\arm_startup_nrf51.s 0x00000000   Number         0  arm_startup_nrf51.o ABSOLUTE
    Source\templates\system_nrf51.c          0x00000000   Number         0  system_nrf51.o ABSOLUTE
    Source\timer\timer.c                     0x00000000   Number         0  timer.o ABSOLUTE
    dc.s                                     0x00000000   Number         0  dc.o ABSOLUTE
    main.c                                   0x00000000   Number         0  main.o ABSOLUTE
    main.c                                   0x00000000   Number         0  main.o ABSOLUTE
    RESET                                    0x00028000   Section      192  arm_startup_nrf51.o(RESET)
    !!!main                                  0x000280c0   Section        8  __main.o(!!!main)
    !!!scatter                               0x000280c8   Section       60  __scatter.o(!!!scatter)
    !!handler_copy                           0x00028104   Section       26  __scatter_copy.o(!!handler_copy)
    .ARM.Collect$$libinit$$00000000          0x0002811e   Section        2  libinit.o(.ARM.Collect$$libinit$$00000000)
    .ARM.Collect$$libinit$$00000001          0x00028120   Section        4  libinit2.o(.ARM.Collect$$libinit$$00000001)
    .ARM.Collect$$libinit$$00000008          0x00028124   Section        0  libinit2.o(.ARM.Collect$$libinit$$00000008)
    .ARM.Collect$$libinit$$0000000A          0x00028124   Section        0  libinit2.o(.ARM.Collect$$libinit$$0000000A)
    .ARM.Collect$$libinit$$0000000C          0x00028124   Section        0  libinit2.o(.ARM.Collect$$libinit$$0000000C)
    .ARM.Collect$$libinit$$0000000F          0x00028124   Section        0  libinit2.o(.ARM.Collect$$libinit$$0000000F)
    .ARM.Collect$$libinit$$00000011          0x00028124   Section        0  libinit2.o(.ARM.Collect$$libinit$$00000011)
    .ARM.Collect$$libinit$$00000013          0x00028124   Section        0  libinit2.o(.ARM.Collect$$libinit$$00000013)
    .ARM.Collect$$libinit$$00000015          0x00028124   Section        0  libinit2.o(.ARM.Collect$$libinit$$00000015)
    .ARM.Collect$$libinit$$00000017          0x00028124   Section        0  libinit2.o(.ARM.Collect$$libinit$$00000017)
    .ARM.Collect$$libinit$$00000019          0x00028124   Section        0  libinit2.o(.ARM.Collect$$libinit$$00000019)
    .ARM.Collect$$libinit$$0000001B          0x00028124   Section        0  libinit2.o(.ARM.Collect$$libinit$$0000001B)
    .ARM.Collect$$libinit$$0000001D          0x00028124   Section        0  libinit2.o(.ARM.Collect$$libinit$$0000001D)
    .ARM.Collect$$libinit$$0000001F          0x00028124   Section        0  libinit2.o(.ARM.Collect$$libinit$$0000001F)
    .ARM.Collect$$libinit$$00000021          0x00028124   Section        0  libinit2.o(.ARM.Collect$$libinit$$00000021)
    .ARM.Collect$$libinit$$00000023          0x00028124   Section        0  libinit2.o(.ARM.Collect$$libinit$$00000023)
    .ARM.Collect$$libinit$$0000002A          0x00028124   Section        0  libinit2.o(.ARM.Collect$$libinit$$0000002A)
    .ARM.Collect$$libinit$$0000002C          0x00028124   Section        0  libinit2.o(.ARM.Collect$$libinit$$0000002C)
    .ARM.Collect$$libinit$$0000002E          0x00028124   Section        0  libinit2.o(.ARM.Collect$$libinit$$0000002E)
    .ARM.Collect$$libinit$$00000030          0x00028124   Section        0  libinit2.o(.ARM.Collect$$libinit$$00000030)
    .ARM.Collect$$libinit$$00000031          0x00028124   Section        2  libinit2.o(.ARM.Collect$$libinit$$00000031)
    .ARM.Collect$$libshutdown$$00000000      0x00028126   Section        2  libshutdown.o(.ARM.Collect$$libshutdown$$00000000)
    .ARM.Collect$$libshutdown$$00000003      0x00028128   Section        0  libshutdown2.o(.ARM.Collect$$libshutdown$$00000003)
    .ARM.Collect$$libshutdown$$00000006      0x00028128   Section        0  libshutdown2.o(.ARM.Collect$$libshutdown$$00000006)
    .ARM.Collect$$libshutdown$$00000009      0x00028128   Section        0  libshutdown2.o(.ARM.Collect$$libshutdown$$00000009)
    .ARM.Collect$$libshutdown$$0000000B      0x00028128   Section        0  libshutdown2.o(.ARM.Collect$$libshutdown$$0000000B)
    .ARM.Collect$$libshutdown$$0000000E      0x00028128   Section        0  libshutdown2.o(.ARM.Collect$$libshutdown$$0000000E)
    .ARM.Collect$$libshutdown$$0000000F      0x00028128   Section        2  libshutdown2.o(.ARM.Collect$$libshutdown$$0000000F)
    .ARM.Collect$$rtentry$$00000000          0x0002812a   Section        0  rtentry.o(.ARM.Collect$$rtentry$$00000000)
    .ARM.Collect$$rtentry$$00000002          0x0002812a   Section        0  rtentry2.o(.ARM.Collect$$rtentry$$00000002)
    .ARM.Collect$$rtentry$$00000004          0x0002812a   Section        6  rtentry4.o(.ARM.Collect$$rtentry$$00000004)
    .ARM.Collect$$rtentry$$00000009          0x00028130   Section        0  rtentry2.o(.ARM.Collect$$rtentry$$00000009)
    .ARM.Collect$$rtentry$$0000000A          0x00028130   Section        4  rtentry2.o(.ARM.Collect$$rtentry$$0000000A)
    .ARM.Collect$$rtentry$$0000000C          0x00028134   Section        0  rtentry2.o(.ARM.Collect$$rtentry$$0000000C)
    .ARM.Collect$$rtentry$$0000000D          0x00028134   Section        8  rtentry2.o(.ARM.Collect$$rtentry$$0000000D)
    .ARM.Collect$$rtexit$$00000000           0x0002813c   Section        2  rtexit.o(.ARM.Collect$$rtexit$$00000000)
    .ARM.Collect$$rtexit$$00000002           0x0002813e   Section        0  rtexit2.o(.ARM.Collect$$rtexit$$00000002)
    .ARM.Collect$$rtexit$$00000003           0x0002813e   Section        4  rtexit2.o(.ARM.Collect$$rtexit$$00000003)
    .ARM.Collect$$rtexit$$00000004           0x00028142   Section        6  rtexit2.o(.ARM.Collect$$rtexit$$00000004)
    .emb_text                                0x00028148   Section       30  nrf_delay.o(.emb_text)
    .emb_text                                0x00028168   Section       30  simple_uart.o(.emb_text)
    .emb_text                                0x00028188   Section       30  app_timer.o(.emb_text)
    .emb_text                                0x000281a8   Section       40  dfu_ctrl.o(.emb_text)
    .emb_text                                0x000281d0   Section       56  rt_memcpy.o(.emb_text)
    .text                                    0x00028208   Section        0  main.o(.text)
    NVIC_SystemReset                         0x0002827b   Thumb Code    18  main.o(.text)
    .text                                    0x00028310   Section        0  xprintf.o(.text)
    xvprintf                                 0x00028373   Thumb Code   548  xprintf.o(.text)
    .text                                    0x000286cc   Section       68  arm_startup_nrf51.o(.text)
    .text                                    0x00028710   Section        0  system_nrf51.o(.text)
    is_manual_peripheral_setup_needed        0x00028719   Thumb Code    94  system_nrf51.o(.text)
    .text                                    0x000287a8   Section        0  nrf_delay.o(.text)
    .text                                    0x000287e4   Section        0  simple_uart.o(.text)
    nrf_gpio_cfg_output                      0x000288cb   Thumb Code    18  simple_uart.o(.text)
    nrf_gpio_cfg_input                       0x000288dd   Thumb Code    20  simple_uart.o(.text)
    .text                                    0x00028900   Section        0  app_timer.o(.text)
    NVIC_SetPriority                         0x00028901   Thumb Code   110  app_timer.o(.text)
    rtc1_init                                0x0002896f   Thumb Code    18  app_timer.o(.text)
    rtc1_start                               0x00028981   Thumb Code    42  app_timer.o(.text)
    rtc1_stop                                0x000289ab   Thumb Code    36  app_timer.o(.text)
    timer_list_insert                        0x000289cf   Thumb Code   206  app_timer.o(.text)
    timer_list_remove                        0x00028a9d   Thumb Code   150  app_timer.o(.text)
    timer_timeouts_check_sched               0x00028b33   Thumb Code    10  app_timer.o(.text)
    timer_list_handler_sched                 0x00028b3d   Thumb Code    10  app_timer.o(.text)
    timeout_handler_exec                     0x00028b47   Thumb Code    60  app_timer.o(.text)
    timer_timeouts_check                     0x00028b83   Thumb Code   128  app_timer.o(.text)
    elapsed_ticks_acquire                    0x00028c03   Thumb Code    82  app_timer.o(.text)
    list_deletions_handler                   0x00028c55   Thumb Code   260  app_timer.o(.text)
    expired_timers_handler                   0x00028d59   Thumb Code    98  app_timer.o(.text)
    list_insertions_handler                  0x00028dbb   Thumb Code   260  app_timer.o(.text)
    compare_reg_update                       0x00028ebf   Thumb Code   124  app_timer.o(.text)
    timer_list_handler                       0x00028f3b   Thumb Code    70  app_timer.o(.text)
    user_op_enque                            0x00028f81   Thumb Code     4  app_timer.o(.text)
    user_op_alloc                            0x00028f85   Thumb Code    44  app_timer.o(.text)
    timer_start_op_schedule                  0x00028fb1   Thumb Code    80  app_timer.o(.text)
    timer_stop_op_schedule                   0x00029001   Thumb Code    58  app_timer.o(.text)
    timer_stop_all_op_schedule               0x0002903b   Thumb Code    58  app_timer.o(.text)
    user_id_get                              0x00029201   Thumb Code   108  app_timer.o(.text)
    NVIC_EnableIRQ                           0x00029367   Thumb Code    14  app_timer.o(.text)
    NVIC_DisableIRQ                          0x00029375   Thumb Code    16  app_timer.o(.text)
    NVIC_SetPendingIRQ                       0x00029385   Thumb Code    14  app_timer.o(.text)
    NVIC_ClearPendingIRQ                     0x00029393   Thumb Code    16  app_timer.o(.text)
    rtc1_counter_get                         0x000293a3   Thumb Code     6  app_timer.o(.text)
    ticks_diff_get                           0x000293a9   Thumb Code    10  app_timer.o(.text)
    .text                                    0x000293d8   Section        0  ble_advdata.o(.text)
    name_encode                              0x000293d9   Thumb Code   106  ble_advdata.o(.text)
    appearance_encode                        0x00029443   Thumb Code    74  ble_advdata.o(.text)
    uint8_array_encode                       0x0002948d   Thumb Code    82  ble_advdata.o(.text)
    tx_power_level_encode                    0x000294df   Thumb Code    48  ble_advdata.o(.text)
    uuid_list_sized_encode                   0x0002950f   Thumb Code   196  ble_advdata.o(.text)
    uuid_list_encode                         0x000295d3   Thumb Code    64  ble_advdata.o(.text)
    conn_int_check                           0x00029613   Thumb Code    88  ble_advdata.o(.text)
    conn_int_encode                          0x0002966b   Thumb Code    92  ble_advdata.o(.text)
    manuf_specific_data_encode               0x000296c7   Thumb Code   106  ble_advdata.o(.text)
    service_data_encode                      0x00029731   Thumb Code   140  ble_advdata.o(.text)
    adv_data_encode                          0x000297bd   Thumb Code   302  ble_advdata.o(.text)
    advdata_check                            0x000298eb   Thumb Code    32  ble_advdata.o(.text)
    srdata_check                             0x0002990b   Thumb Code    16  ble_advdata.o(.text)
    uint16_encode                            0x00029995   Thumb Code    18  ble_advdata.o(.text)
    .text                                    0x000299ac   Section        0  ble_conn_params.o(.text)
    is_conn_params_ok                        0x000299ad   Thumb Code    30  ble_conn_params.o(.text)
    update_timeout_handler                   0x000299cb   Thumb Code   136  ble_conn_params.o(.text)
    conn_params_negotiation                  0x00029ab9   Thumb Code   126  ble_conn_params.o(.text)
    on_connect                               0x00029b37   Thumb Code    42  ble_conn_params.o(.text)
    on_disconnect                            0x00029b61   Thumb Code    50  ble_conn_params.o(.text)
    on_write                                 0x00029b93   Thumb Code    84  ble_conn_params.o(.text)
    on_conn_params_update                    0x00029be7   Thumb Code    20  ble_conn_params.o(.text)
    .text                                    0x00029cb4   Section        0  ble_debug_assert_handler.o(.text)
    .text                                    0x00029cf8   Section        0  ble_error_log.o(.text)
    fetch_stack                              0x00029cf9   Thumb Code    38  ble_error_log.o(.text)
    .text                                    0x00029e9c   Section        0  ble_flash.o(.text)
    flash_page_erase                         0x00029edd   Thumb Code    48  ble_flash.o(.text)
    flash_word_unprotected_write             0x00029f0d   Thumb Code    46  ble_flash.o(.text)
    flash_word_write                         0x00029f3b   Thumb Code    64  ble_flash.o(.text)
    .text                                    0x0002a0e0   Section        0  ble_stack_handler.o(.text)
    softdevice_assertion_handler             0x0002a0e1   Thumb Code    18  ble_stack_handler.o(.text)
    .text                                    0x0002a1ec   Section        0  ble_nus.o(.text)
    on_connect                               0x0002a1ed   Thumb Code     6  ble_nus.o(.text)
    on_disconnect                            0x0002a1f3   Thumb Code     8  ble_nus.o(.text)
    on_write                                 0x0002a1fb   Thumb Code    68  ble_nus.o(.text)
    rx_char_add                              0x0002a279   Thumb Code   292  ble_nus.o(.text)
    tx_char_add                              0x0002a39d   Thumb Code   210  ble_nus.o(.text)
    .text                                    0x0002a52c   Section        0  ble_startup.o(.text)
    timers_init                              0x0002a7f9   Thumb Code    50  ble_startup.o(.text)
    gap_params_init                          0x0002a82b   Thumb Code   128  ble_startup.o(.text)
    advertising_init                         0x0002a8ab   Thumb Code   530  ble_startup.o(.text)
    services_init                            0x0002ab0b   Thumb Code    50  ble_startup.o(.text)
    sec_params_init                          0x0002ab3d   Thumb Code    66  ble_startup.o(.text)
    on_conn_params_evt                       0x0002ab7f   Thumb Code    76  ble_startup.o(.text)
    conn_params_error_handler                0x0002abcb   Thumb Code    22  ble_startup.o(.text)
    conn_params_init                         0x0002abe1   Thumb Code    84  ble_startup.o(.text)
    advertising_start                        0x0002ac35   Thumb Code    68  ble_startup.o(.text)
    on_ble_evt                               0x0002ac79   Thumb Code   230  ble_startup.o(.text)
    ble_evt_dispatch                         0x0002ad5f   Thumb Code    26  ble_startup.o(.text)
    ble_stack_init                           0x0002ad79   Thumb Code    52  ble_startup.o(.text)
    .text                                    0x0002af78   Section        0  flash_ctrl.o(.text)
    .text                                    0x0002b1e8   Section        0  timer.o(.text)
    NVIC_EnableIRQ                           0x0002b285   Thumb Code    16  timer.o(.text)
    NVIC_SetPriority                         0x0002b295   Thumb Code   114  timer.o(.text)
    .text                                    0x0002b324   Section        0  dfu_ctrl.o(.text)
    interrupts_disable                       0x0002b337   Thumb Code    48  dfu_ctrl.o(.text)
    .text                                    0x0002b3c0   Section        0  rt_memcpy.o(.text)
    .text                                    0x0002b442   Section        0  rt_memclr.o(.text)
    .text                                    0x0002b484   Section        0  strncpy.o(.text)
    .text                                    0x0002b4f0   Section      346  aeabi_sdiv.o(.text)
    .text                                    0x0002b64a   Section        0  heapauxi.o(.text)
    .text                                    0x0002b650   Section       62  sys_stackheap_outer.o(.text)
    .text                                    0x0002b68e   Section        0  exit.o(.text)
    .text                                    0x0002b69c   Section        8  libspace.o(.text)
    .text                                    0x0002b6a4   Section        0  sys_exit.o(.text)
    .text                                    0x0002b6b0   Section        2  use_no_semi.o(.text)
    .text                                    0x0002b6b2   Section        0  indicate_semi.o(.text)
    .constdata                               0x0002b6b4   Section       16  ble_nus.o(.constdata)
    .constdata                               0x0002b6c4   Section        4  ble_startup.o(.constdata)
    .data                                    0x20002000   Section        8  xprintf.o(.data)
    outptr                                   0x20002004   Data           4  xprintf.o(.data)
    .data                                    0x20002008   Section        4  system_nrf51.o(.data)
    __tagsym$$used                           0x20002008   Number         0  system_nrf51.o(.data)
    .data                                    0x2000200c   Section       36  app_timer.o(.data)
    mp_nodes                                 0x2000200c   Data           4  app_timer.o(.data)
    m_node_array_size                        0x20002010   Data           1  app_timer.o(.data)
    m_user_array_size                        0x20002011   Data           1  app_timer.o(.data)
    mp_users                                 0x20002014   Data           4  app_timer.o(.data)
    m_timer_id_head                          0x20002018   Data           4  app_timer.o(.data)
    m_ticks_latest                           0x2000201c   Data           4  app_timer.o(.data)
    m_ticks_elapsed                          0x20002020   Data           8  app_timer.o(.data)
    m_ticks_elapsed_q_read_ind               0x20002028   Data           1  app_timer.o(.data)
    m_ticks_elapsed_q_write_ind              0x20002029   Data           1  app_timer.o(.data)
    m_evt_schedule_func                      0x2000202c   Data           4  app_timer.o(.data)
    .data                                    0x20002030   Section       28  ble_conn_params.o(.data)
    m_change_param                           0x20002030   Data           1  ble_conn_params.o(.data)
    m_preferred_conn_params                  0x20002032   Data           8  ble_conn_params.o(.data)
    m_update_count                           0x2000203a   Data           1  ble_conn_params.o(.data)
    m_conn_handle                            0x2000203c   Data           2  ble_conn_params.o(.data)
    m_current_conn_params                    0x2000203e   Data           8  ble_conn_params.o(.data)
    m_conn_params_timer_id                   0x20002048   Data           4  ble_conn_params.o(.data)
    .data                                    0x2000204c   Section        8  ble_debug_assert_handler.o(.data)
    s_line_num                               0x2000204c   Data           2  ble_debug_assert_handler.o(.data)
    s_error_code                             0x20002050   Data           4  ble_debug_assert_handler.o(.data)
    .data                                    0x20002054   Section        1  ble_error_log.o(.data)
    m_ble_log_clear_flag                     0x20002054   Data           1  ble_error_log.o(.data)
    .data                                    0x20002055   Section        1  ble_flash.o(.data)
    m_radio_active                           0x20002055   Data           1  ble_flash.o(.data)
    .data                                    0x20002058   Section       14  ble_stack_handler.o(.data)
    m_evt_handler                            0x20002058   Data           4  ble_stack_handler.o(.data)
    m_evt_schedule_func                      0x2000205c   Data           4  ble_stack_handler.o(.data)
    m_evt_buffer                             0x20002060   Data           4  ble_stack_handler.o(.data)
    m_evt_buffer_size                        0x20002064   Data           2  ble_stack_handler.o(.data)
    .data                                    0x20002068   Section       18  ble_startup.o(.data)
    m_conn_handle                            0x20002068   Data           2  ble_startup.o(.data)
    i                                        0x2000206c   Data           4  ble_startup.o(.data)
    nus_init                                 0x20002070   Data           4  ble_startup.o(.data)
    m_sec_params                             0x20002074   Data           6  ble_startup.o(.data)
    .bss                                     0x2000207c   Section       28  ble_conn_params.o(.bss)
    m_conn_params_config                     0x2000207c   Data          28  ble_conn_params.o(.bss)
    .bss                                     0x20002098   Section      128  ble_debug_assert_handler.o(.bss)
    s_file_name                              0x20002098   Data         128  ble_debug_assert_handler.o(.bss)
    .bss                                     0x20002118   Section      392  ble_error_log.o(.bss)
    m_ble_error_log                          0x20002118   Data         392  ble_error_log.o(.bss)
    .bss                                     0x200022a0   Section     1764  ble_startup.o(.bss)
    APP_TIMER_BUF                            0x200022a0   Data         536  ble_startup.o(.bss)
    m_auth_status                            0x200024b8   Data          50  ble_startup.o(.bss)
    EVT_BUFFER                               0x200024ec   Data          80  ble_startup.o(.bss)
    .bss                                     0x20002984   Section       96  libspace.o(.bss)
    HEAP                                     0x200029e8   Section        0  arm_startup_nrf51.o(HEAP)
    STACK                                    0x200029e8   Section     2048  arm_startup_nrf51.o(STACK)
    Heap_Mem                                 0x200029e8   Data           0  arm_startup_nrf51.o(HEAP)
    Stack_Mem                                0x200029e8   Data        2048  arm_startup_nrf51.o(STACK)
    __initial_sp                             0x200031e8   Data           0  arm_startup_nrf51.o(STACK)

    Global Symbols

    Symbol Name                              Value     Ov Type        Size  Object(Section)

    BuildAttributes$$THM_ISAv3M$S$PE$A:L22$X:L11$S22$IEEE1$IW$USESV6$~STKCKD$USESV7$~SHL$OSPACE$ROPI$EBA8$UX$STANDARDLIB$REQ8$PRES8$EABIv2 0x00000000   Number         0  anon$$obj.o ABSOLUTE
    __ARM_use_no_argv                        0x00000000   Number         0  main.o ABSOLUTE
    __ARM_exceptions_init                     - Undefined Weak Reference
    __alloca_initialize                       - Undefined Weak Reference
    __cpp_initialize__aeabi_                  - Undefined Weak Reference
    __cxa_finalize                            - Undefined Weak Reference
    __rt_locale                               - Undefined Weak Reference
    __sigvec_lookup                           - Undefined Weak Reference
    _atexit_init                              - Undefined Weak Reference
    _call_atexit_fns                          - Undefined Weak Reference
    _clock_init                               - Undefined Weak Reference
    _fp_trap_init                             - Undefined Weak Reference
    _fp_trap_shutdown                         - Undefined Weak Reference
    _get_lc_collate                           - Undefined Weak Reference
    _get_lc_ctype                             - Undefined Weak Reference
    _get_lc_monetary                          - Undefined Weak Reference
    _get_lc_numeric                           - Undefined Weak Reference
    _get_lc_time                              - Undefined Weak Reference
    _getenv_init                              - Undefined Weak Reference
    _handle_redirection                       - Undefined Weak Reference
    _init_alloc                               - Undefined Weak Reference
    _init_user_alloc                          - Undefined Weak Reference
    _initio                                   - Undefined Weak Reference
    _rand_init                                - Undefined Weak Reference
    _signal_finish                            - Undefined Weak Reference
    _signal_init                              - Undefined Weak Reference
    _terminate_alloc                          - Undefined Weak Reference
    _terminate_user_alloc                     - Undefined Weak Reference
    _terminateio                              - Undefined Weak Reference
    __Vectors_Size                           0x000000c0   Number         0  arm_startup_nrf51.o ABSOLUTE
    __Vectors                                0x00028000   Data           4  arm_startup_nrf51.o(RESET)
    __Vectors_End                            0x000280c0   Data           0  arm_startup_nrf51.o(RESET)
    __main                                   0x000280c1   Thumb Code     8  __main.o(!!!main)
    __scatterload                            0x000280c9   Thumb Code     0  __scatter.o(!!!scatter)
    __scatterload_rt2                        0x000280c9   Thumb Code    52  __scatter.o(!!!scatter)
    __scatterload_rt2_thumb_only             0x000280c9   Thumb Code     0  __scatter.o(!!!scatter)
    __scatterload_null                       0x000280d9   Thumb Code     0  __scatter.o(!!!scatter)
    __scatterload_copy                       0x00028105   Thumb Code    26  __scatter_copy.o(!!handler_copy)
    __rt_lib_init                            0x0002811f   Thumb Code     0  libinit.o(.ARM.Collect$$libinit$$00000000)
    __rt_lib_init_fp_1                       0x00028121   Thumb Code     0  libinit2.o(.ARM.Collect$$libinit$$00000001)
    __rt_lib_init_alloca_1                   0x00028125   Thumb Code     0  libinit2.o(.ARM.Collect$$libinit$$0000002C)
    __rt_lib_init_argv_1                     0x00028125   Thumb Code     0  libinit2.o(.ARM.Collect$$libinit$$0000002A)
    __rt_lib_init_atexit_1                   0x00028125   Thumb Code     0  libinit2.o(.ARM.Collect$$libinit$$00000019)
    __rt_lib_init_clock_1                    0x00028125   Thumb Code     0  libinit2.o(.ARM.Collect$$libinit$$0000001F)
    __rt_lib_init_cpp_1                      0x00028125   Thumb Code     0  libinit2.o(.ARM.Collect$$libinit$$00000030)
    __rt_lib_init_exceptions_1               0x00028125   Thumb Code     0  libinit2.o(.ARM.Collect$$libinit$$0000002E)
    __rt_lib_init_fp_trap_1                  0x00028125   Thumb Code     0  libinit2.o(.ARM.Collect$$libinit$$0000001D)
    __rt_lib_init_getenv_1                   0x00028125   Thumb Code     0  libinit2.o(.ARM.Collect$$libinit$$00000021)
    __rt_lib_init_heap_1                     0x00028125   Thumb Code     0  libinit2.o(.ARM.Collect$$libinit$$00000008)
    __rt_lib_init_lc_collate_1               0x00028125   Thumb Code     0  libinit2.o(.ARM.Collect$$libinit$$0000000F)
    __rt_lib_init_lc_ctype_1                 0x00028125   Thumb Code     0  libinit2.o(.ARM.Collect$$libinit$$00000011)
    __rt_lib_init_lc_monetary_1              0x00028125   Thumb Code     0  libinit2.o(.ARM.Collect$$libinit$$00000013)
    __rt_lib_init_lc_numeric_1               0x00028125   Thumb Code     0  libinit2.o(.ARM.Collect$$libinit$$00000015)
    __rt_lib_init_lc_time_1                  0x00028125   Thumb Code     0  libinit2.o(.ARM.Collect$$libinit$$00000017)
    __rt_lib_init_rand_1                     0x00028125   Thumb Code     0  libinit2.o(.ARM.Collect$$libinit$$0000000C)
    __rt_lib_init_return                     0x00028125   Thumb Code     0  libinit2.o(.ARM.Collect$$libinit$$00000031)
    __rt_lib_init_signal_1                   0x00028125   Thumb Code     0  libinit2.o(.ARM.Collect$$libinit$$0000001B)
    __rt_lib_init_stdio_1                    0x00028125   Thumb Code     0  libinit2.o(.ARM.Collect$$libinit$$00000023)
    __rt_lib_init_user_alloc_1               0x00028125   Thumb Code     0  libinit2.o(.ARM.Collect$$libinit$$0000000A)
    __rt_lib_shutdown                        0x00028127   Thumb Code     0  libshutdown.o(.ARM.Collect$$libshutdown$$00000000)
    __rt_lib_shutdown_fp_trap_1              0x00028129   Thumb Code     0  libshutdown2.o(.ARM.Collect$$libshutdown$$00000006)
    __rt_lib_shutdown_heap_1                 0x00028129   Thumb Code     0  libshutdown2.o(.ARM.Collect$$libshutdown$$0000000E)
    __rt_lib_shutdown_return                 0x00028129   Thumb Code     0  libshutdown2.o(.ARM.Collect$$libshutdown$$0000000F)
    __rt_lib_shutdown_signal_1               0x00028129   Thumb Code     0  libshutdown2.o(.ARM.Collect$$libshutdown$$00000009)
    __rt_lib_shutdown_stdio_1                0x00028129   Thumb Code     0  libshutdown2.o(.ARM.Collect$$libshutdown$$00000003)
    __rt_lib_shutdown_user_alloc_1           0x00028129   Thumb Code     0  libshutdown2.o(.ARM.Collect$$libshutdown$$0000000B)
    __rt_entry                               0x0002812b   Thumb Code     0  rtentry.o(.ARM.Collect$$rtentry$$00000000)
    __rt_entry_presh_1                       0x0002812b   Thumb Code     0  rtentry2.o(.ARM.Collect$$rtentry$$00000002)
    __rt_entry_sh                            0x0002812b   Thumb Code     0  rtentry4.o(.ARM.Collect$$rtentry$$00000004)
    __rt_entry_li                            0x00028131   Thumb Code     0  rtentry2.o(.ARM.Collect$$rtentry$$0000000A)
    __rt_entry_postsh_1                      0x00028131   Thumb Code     0  rtentry2.o(.ARM.Collect$$rtentry$$00000009)
    __rt_entry_main                          0x00028135   Thumb Code     0  rtentry2.o(.ARM.Collect$$rtentry$$0000000D)
    __rt_entry_postli_1                      0x00028135   Thumb Code     0  rtentry2.o(.ARM.Collect$$rtentry$$0000000C)
    __rt_exit                                0x0002813d   Thumb Code     0  rtexit.o(.ARM.Collect$$rtexit$$00000000)
    __rt_exit_ls                             0x0002813f   Thumb Code     0  rtexit2.o(.ARM.Collect$$rtexit$$00000003)
    __rt_exit_prels_1                        0x0002813f   Thumb Code     0  rtexit2.o(.ARM.Collect$$rtexit$$00000002)
    __rt_exit_exit                           0x00028143   Thumb Code     0  rtexit2.o(.ARM.Collect$$rtexit$$00000004)
    __asm___11_nrf_delay_c_532987f3__nrf_delay_us 0x00028149   Thumb Code    30  nrf_delay.o(.emb_text)
    __asm___13_simple_uart_c_5dda6715__nrf_delay_us 0x00028169   Thumb Code    30  simple_uart.o(.emb_text)
    __asm___11_app_timer_c_cd27f9c3__nrf_delay_us 0x00028189   Thumb Code    30  app_timer.o(.emb_text)
    __asm___10_dfu_ctrl_c_72d5f318__nrf_delay_us 0x000281a9   Thumb Code    30  dfu_ctrl.o(.emb_text)
    Start_Device_Firmware_Update             0x000281c7   Thumb Code    10  dfu_ctrl.o(.emb_text)
    __aeabi_memcpy4                          0x000281d1   Thumb Code    56  rt_memcpy.o(.emb_text)
    __aeabi_memcpy8                          0x000281d1   Thumb Code     0  rt_memcpy.o(.emb_text)
    main                                     0x00028209   Thumb Code   114  main.o(.text)
    xputc                                    0x00028311   Thumb Code    42  xprintf.o(.text)
    xputs                                    0x0002833b   Thumb Code    22  xprintf.o(.text)
    xfputs                                   0x00028351   Thumb Code    34  xprintf.o(.text)
    xprintf                                  0x00028597   Thumb Code    28  xprintf.o(.text)
    xsprintf                                 0x000285b3   Thumb Code    44  xprintf.o(.text)
    xfprintf                                 0x000285df   Thumb Code    40  xprintf.o(.text)
    put_dump                                 0x00028607   Thumb Code   156  xprintf.o(.text)
    Reset_Handler                            0x000286cd   Thumb Code    18  arm_startup_nrf51.o(.text)
    NMI_Handler                              0x000286df   Thumb Code     2  arm_startup_nrf51.o(.text)
    HardFault_Handler                        0x000286e1   Thumb Code     2  arm_startup_nrf51.o(.text)
    SVC_Handler                              0x000286e3   Thumb Code     2  arm_startup_nrf51.o(.text)
    PendSV_Handler                           0x000286e5   Thumb Code     2  arm_startup_nrf51.o(.text)
    SysTick_Handler                          0x000286e7   Thumb Code     2  arm_startup_nrf51.o(.text)
    ADC_IRQHandler                           0x000286e9   Thumb Code     0  arm_startup_nrf51.o(.text)
    CCM_AAR_IRQHandler                       0x000286e9   Thumb Code     0  arm_startup_nrf51.o(.text)
    ECB_IRQHandler                           0x000286e9   Thumb Code     0  arm_startup_nrf51.o(.text)
    GPIOTE_IRQHandler                        0x000286e9   Thumb Code     0  arm_startup_nrf51.o(.text)
    LPCOMP_COMP_IRQHandler                   0x000286e9   Thumb Code     0  arm_startup_nrf51.o(.text)
    POWER_CLOCK_IRQHandler                   0x000286e9   Thumb Code     0  arm_startup_nrf51.o(.text)
    QDEC_IRQHandler                          0x000286e9   Thumb Code     0  arm_startup_nrf51.o(.text)
    RADIO_IRQHandler                         0x000286e9   Thumb Code     0  arm_startup_nrf51.o(.text)
    RNG_IRQHandler                           0x000286e9   Thumb Code     0  arm_startup_nrf51.o(.text)
    RTC0_IRQHandler                          0x000286e9   Thumb Code     0  arm_startup_nrf51.o(.text)
    SPI0_TWI0_IRQHandler                     0x000286e9   Thumb Code     0  arm_startup_nrf51.o(.text)
    SPI1_TWI1_IRQHandler                     0x000286e9   Thumb Code     0  arm_startup_nrf51.o(.text)
    SWI1_IRQHandler                          0x000286e9   Thumb Code     0  arm_startup_nrf51.o(.text)
    SWI3_IRQHandler                          0x000286e9   Thumb Code     0  arm_startup_nrf51.o(.text)
    SWI4_IRQHandler                          0x000286e9   Thumb Code     0  arm_startup_nrf51.o(.text)
    SWI5_IRQHandler                          0x000286e9   Thumb Code     0  arm_startup_nrf51.o(.text)
    TEMP_IRQHandler                          0x000286e9   Thumb Code     0  arm_startup_nrf51.o(.text)
    TIMER0_IRQHandler                        0x000286e9   Thumb Code     0  arm_startup_nrf51.o(.text)
    TIMER2_IRQHandler                        0x000286e9   Thumb Code     0  arm_startup_nrf51.o(.text)
    UART0_IRQHandler                         0x000286e9   Thumb Code     0  arm_startup_nrf51.o(.text)
    WDT_IRQHandler                           0x000286e9   Thumb Code     0  arm_startup_nrf51.o(.text)
    __user_initial_stackheap                 0x000286ed   Thumb Code     0  arm_startup_nrf51.o(.text)
    SystemCoreClockUpdate                    0x00028711   Thumb Code     8  system_nrf51.o(.text)
    SystemInit                               0x00028777   Thumb Code    24  system_nrf51.o(.text)
    nrf_delay_ms                             0x000287a9   Thumb Code    20  nrf_delay.o(.text)
    Delay_s                                  0x000287bd   Thumb Code    18  nrf_delay.o(.text)
    Delay_Ms                                 0x000287cf   Thumb Code    16  nrf_delay.o(.text)
    simple_uart_get                          0x000287e5   Thumb Code    24  simple_uart.o(.text)
    simple_uart_get_with_timeout             0x000287fd   Thumb Code    62  simple_uart.o(.text)
    simple_uart_put                          0x0002883b   Thumb Code    22  simple_uart.o(.text)
    simple_uart_putstring                    0x00028851   Thumb Code    32  simple_uart.o(.text)
    simple_uart_config                       0x00028871   Thumb Code    90  simple_uart.o(.text)
    RTC1_IRQHandler                          0x00029075   Thumb Code    28  app_timer.o(.text)
    SWI0_IRQHandler                          0x00029091   Thumb Code     8  app_timer.o(.text)
    app_timer_init                           0x00029099   Thumb Code   252  app_timer.o(.text)
    app_timer_create                         0x00029195   Thumb Code   108  app_timer.o(.text)
    app_timer_start                          0x0002926d   Thumb Code    98  app_timer.o(.text)
    app_timer_stop                           0x000292cf   Thumb Code    60  app_timer.o(.text)
    app_timer_stop_all                       0x0002930b   Thumb Code    26  app_timer.o(.text)
    app_timer_cnt_get                        0x00029325   Thumb Code    14  app_timer.o(.text)
    app_timer_cnt_diff_compute               0x00029333   Thumb Code    22  app_timer.o(.text)
    RTC1_STOP                                0x00029349   Thumb Code    30  app_timer.o(.text)
    ble_advdata_set                          0x0002991b   Thumb Code   122  ble_advdata.o(.text)
    ble_conn_params_init                     0x00029a53   Thumb Code    90  ble_conn_params.o(.text)
    ble_conn_params_stop                     0x00029aad   Thumb Code    12  ble_conn_params.o(.text)
    ble_conn_params_on_ble_evt               0x00029bfb   Thumb Code    62  ble_conn_params.o(.text)
    ble_conn_params_change_conn_params       0x00029c39   Thumb Code    86  ble_conn_params.o(.text)
    ble_debug_assert_handler                 0x00029cb5   Thumb Code    56  ble_debug_assert_handler.o(.text)
    ble_error_log_write                      0x00029d1f   Thumb Code    96  ble_error_log.o(.text)
    ble_error_log_read                       0x00029d7f   Thumb Code   170  ble_error_log.o(.text)
    ble_error_log_clear                      0x00029e29   Thumb Code     8  ble_error_log.o(.text)
    ble_error_log_init                       0x00029e31   Thumb Code    54  ble_error_log.o(.text)
    ble_flash_crc16_compute                  0x00029e9d   Thumb Code    64  ble_flash.o(.text)
    ble_flash_word_write                     0x00029f7b   Thumb Code    18  ble_flash.o(.text)
    ble_flash_block_write                    0x00029f8d   Thumb Code    36  ble_flash.o(.text)
    ble_flash_page_erase                     0x00029fb1   Thumb Code    26  ble_flash.o(.text)
    ble_flash_page_write                     0x00029fcb   Thumb Code   120  ble_flash.o(.text)
    ble_flash_page_read                      0x0002a043   Thumb Code   112  ble_flash.o(.text)
    ble_flash_page_addr                      0x0002a0b3   Thumb Code    18  ble_flash.o(.text)
    ble_flash_on_radio_active_evt            0x0002a0c5   Thumb Code     6  ble_flash.o(.text)
    ble_stack_handler_init                   0x0002a0f3   Thumb Code    82  ble_stack_handler.o(.text)
    intern_ble_stack_events_execute          0x0002a145   Thumb Code    60  ble_stack_handler.o(.text)
    SWI2_IRQHandler                          0x0002a181   Thumb Code    50  ble_stack_handler.o(.text)
    ble_nus_on_ble_evt                       0x0002a23f   Thumb Code    58  ble_nus.o(.text)
    ble_nus_init                             0x0002a46f   Thumb Code   116  ble_nus.o(.text)
    ble_nus_send_string                      0x0002a4e3   Thumb Code    68  ble_nus.o(.text)
    set_ble_rec_state                        0x0002a52d   Thumb Code     6  ble_startup.o(.text)
    dfu_init                                 0x0002a533   Thumb Code    18  ble_startup.o(.text)
    get_dfu_state                            0x0002a545   Thumb Code     6  ble_startup.o(.text)
    get_dfu_amount                           0x0002a54b   Thumb Code     6  ble_startup.o(.text)
    set_dfu_state                            0x0002a551   Thumb Code     6  ble_startup.o(.text)
    get_ble_rec_count                        0x0002a557   Thumb Code     6  ble_startup.o(.text)
    ble_rec_input                            0x0002a55d   Thumb Code    72  ble_startup.o(.text)
    ble_rec_output                           0x0002a5a5   Thumb Code    56  ble_startup.o(.text)
    ble_rec_init                             0x0002a5dd   Thumb Code    30  ble_startup.o(.text)
    dfu_refresh                              0x0002a5fb   Thumb Code    32  ble_startup.o(.text)
    ble_write_page_state                     0x0002a61b   Thumb Code    18  ble_startup.o(.text)
    system_device_firmware_update            0x0002a62d   Thumb Code   240  ble_startup.o(.text)
    dpu_amount_handle                        0x0002a71d   Thumb Code    62  ble_startup.o(.text)
    ble_response                             0x0002a75b   Thumb Code     2  ble_startup.o(.text)
    ble_rec_handle                           0x0002a75d   Thumb Code    88  ble_startup.o(.text)
    ble_prepare                              0x0002a7b5   Thumb Code    12  ble_startup.o(.text)
    ble_close                                0x0002a7c1   Thumb Code    12  ble_startup.o(.text)
    app_error_handler                        0x0002a7cd   Thumb Code    26  ble_startup.o(.text)
    assert_nrf_callback                      0x0002a7e7   Thumb Code    18  ble_startup.o(.text)
    data_compare                             0x0002aabd   Thumb Code    46  ble_startup.o(.text)
    data_handler                             0x0002aaeb   Thumb Code    32  ble_startup.o(.text)
    ble_start                                0x0002adad   Thumb Code    98  ble_startup.o(.text)
    crc16_compute                            0x0002af79   Thumb Code    52  flash_ctrl.o(.text)
    flash_page_erase                         0x0002afad   Thumb Code    48  flash_ctrl.o(.text)
    system_app_pages_erase                   0x0002afdd   Thumb Code    70  flash_ctrl.o(.text)
    flash_word_write                         0x0002b023   Thumb Code    46  flash_ctrl.o(.text)
    flash_specword_write                     0x0002b051   Thumb Code    78  flash_ctrl.o(.text)
    system_page_refresh                      0x0002b09f   Thumb Code   296  flash_ctrl.o(.text)
    TIMER1_IRQHandler                        0x0002b1e9   Thumb Code    44  timer.o(.text)
    time1_init                               0x0002b215   Thumb Code    54  timer.o(.text)
    timer1_start                             0x0002b24b   Thumb Code    10  timer.o(.text)
    timer1_stop                              0x0002b255   Thumb Code    10  timer.o(.text)
    TIMER1_INT_CLOSE                         0x0002b25f   Thumb Code    20  timer.o(.text)
    TIMER1_INT_OPEN                          0x0002b273   Thumb Code    18  timer.o(.text)
    region1_is_valid                         0x0002b325   Thumb Code    18  dfu_ctrl.o(.text)
    bootloader_util_app_start                0x0002b367   Thumb Code    12  dfu_ctrl.o(.text)
    bootloader_app_start                     0x0002b373   Thumb Code    44  dfu_ctrl.o(.text)
    __aeabi_memcpy                           0x0002b3c1   Thumb Code   130  rt_memcpy.o(.text)
    __rt_memcpy                              0x0002b3c1   Thumb Code     0  rt_memcpy.o(.text)
    _memset_w                                0x0002b443   Thumb Code    26  rt_memclr.o(.text)
    _memset                                  0x0002b45d   Thumb Code    30  rt_memclr.o(.text)
    __aeabi_memclr                           0x0002b47b   Thumb Code     4  rt_memclr.o(.text)
    __rt_memclr                              0x0002b47b   Thumb Code     0  rt_memclr.o(.text)
    __aeabi_memclr4                          0x0002b47f   Thumb Code     0  rt_memclr.o(.text)
    __aeabi_memclr8                          0x0002b47f   Thumb Code     0  rt_memclr.o(.text)
    __rt_memclr_w                            0x0002b47f   Thumb Code     4  rt_memclr.o(.text)
    strncpy                                  0x0002b485   Thumb Code   104  strncpy.o(.text)
    __aeabi_uidiv                            0x0002b4f1   Thumb Code     0  aeabi_sdiv.o(.text)
    __aeabi_uidivmod                         0x0002b4f1   Thumb Code    20  aeabi_sdiv.o(.text)
    __aeabi_idiv                             0x0002b505   Thumb Code     0  aeabi_sdiv.o(.text)
    __aeabi_idivmod                          0x0002b505   Thumb Code   326  aeabi_sdiv.o(.text)
    __use_two_region_memory                  0x0002b64b   Thumb Code     2  heapauxi.o(.text)
    __rt_heap_escrow$2region                 0x0002b64d   Thumb Code     2  heapauxi.o(.text)
    __rt_heap_expand$2region                 0x0002b64f   Thumb Code     2  heapauxi.o(.text)
    __user_setup_stackheap                   0x0002b651   Thumb Code    62  sys_stackheap_outer.o(.text)
    exit                                     0x0002b68f   Thumb Code    12  exit.o(.text)
    __user_libspace                          0x0002b69d   Thumb Code     8  libspace.o(.text)
    __user_perproc_libspace                  0x0002b69d   Thumb Code     0  libspace.o(.text)
    __user_perthread_libspace                0x0002b69d   Thumb Code     0  libspace.o(.text)
    _sys_exit                                0x0002b6a5   Thumb Code     8  sys_exit.o(.text)
    __I$use$semihosting                      0x0002b6b1   Thumb Code     0  use_no_semi.o(.text)
    __use_no_semihosting_swi                 0x0002b6b1   Thumb Code     2  use_no_semi.o(.text)
    __semihosting_library_function           0x0002b6b3   Thumb Code     0  indicate_semi.o(.text)
    Region$$Table$$Base                      0x0002b6c8   Number         0  anon$$obj.o(Region$$Table)
    Region$$Table$$Limit                     0x0002b6d8   Number         0  anon$$obj.o(Region$$Table)
    xfunc_out                                0x20002000   Data           4  xprintf.o(.data)
    SystemCoreClock                          0x20002008   Data           4  system_nrf51.o(.data)
    m_nus                                    0x2000253c   Data          28  ble_startup.o(.bss)
    ble_rec                                  0x20002558   Data        1052  ble_startup.o(.bss)
    dfu                                      0x20002974   Data          16  ble_startup.o(.bss)
    __libspace_start                         0x20002984   Data          96  libspace.o(.bss)
    __temporary_stack_top$libspace           0x200029e4   Data           0  libspace.o(.bss)



==============================================================================

Memory Map of the image

  Image Entry point : 0x000280c1

  Load Region LR_IROM1 (Base: 0x00028000, Size: 0x00003754, Max: 0x00014000, ABSOLUTE)

    Execution Region ER_IROM1 (Base: 0x00028000, Size: 0x000036d8, Max: 0x00014000, ABSOLUTE)

    Base Addr    Size         Type   Attr      Idx    E Section Name        Object

    0x00028000   0x000000c0   Data   RO          216    RESET               arm_startup_nrf51.o
    0x000280c0   0x00000008   Code   RO          677  * !!!main             c_p.l(__main.o)
    0x000280c8   0x0000003c   Code   RO          843    !!!scatter          c_p.l(__scatter.o)
    0x00028104   0x0000001a   Code   RO          845    !!handler_copy      c_p.l(__scatter_copy.o)
    0x0002811e   0x00000002   Code   RO          715    .ARM.Collect$$libinit$$00000000  c_p.l(libinit.o)
    0x00028120   0x00000004   Code   RO          728    .ARM.Collect$$libinit$$00000001  c_p.l(libinit2.o)
    0x00028124   0x00000000   Code   RO          732    .ARM.Collect$$libinit$$00000008  c_p.l(libinit2.o)
    0x00028124   0x00000000   Code   RO          734    .ARM.Collect$$libinit$$0000000A  c_p.l(libinit2.o)
    0x00028124   0x00000000   Code   RO          736    .ARM.Collect$$libinit$$0000000C  c_p.l(libinit2.o)
    0x00028124   0x00000000   Code   RO          739    .ARM.Collect$$libinit$$0000000F  c_p.l(libinit2.o)
    0x00028124   0x00000000   Code   RO          741    .ARM.Collect$$libinit$$00000011  c_p.l(libinit2.o)
    0x00028124   0x00000000   Code   RO          743    .ARM.Collect$$libinit$$00000013  c_p.l(libinit2.o)
    0x00028124   0x00000000   Code   RO          745    .ARM.Collect$$libinit$$00000015  c_p.l(libinit2.o)
    0x00028124   0x00000000   Code   RO          747    .ARM.Collect$$libinit$$00000017  c_p.l(libinit2.o)
    0x00028124   0x00000000   Code   RO          749    .ARM.Collect$$libinit$$00000019  c_p.l(libinit2.o)
    0x00028124   0x00000000   Code   RO          751    .ARM.Collect$$libinit$$0000001B  c_p.l(libinit2.o)
    0x00028124   0x00000000   Code   RO          753    .ARM.Collect$$libinit$$0000001D  c_p.l(libinit2.o)
    0x00028124   0x00000000   Code   RO          755    .ARM.Collect$$libinit$$0000001F  c_p.l(libinit2.o)
    0x00028124   0x00000000   Code   RO          757    .ARM.Collect$$libinit$$00000021  c_p.l(libinit2.o)
    0x00028124   0x00000000   Code   RO          759    .ARM.Collect$$libinit$$00000023  c_p.l(libinit2.o)
    0x00028124   0x00000000   Code   RO          763    .ARM.Collect$$libinit$$0000002A  c_p.l(libinit2.o)
    0x00028124   0x00000000   Code   RO          765    .ARM.Collect$$libinit$$0000002C  c_p.l(libinit2.o)
    0x00028124   0x00000000   Code   RO          767    .ARM.Collect$$libinit$$0000002E  c_p.l(libinit2.o)
    0x00028124   0x00000000   Code   RO          769    .ARM.Collect$$libinit$$00000030  c_p.l(libinit2.o)
    0x00028124   0x00000002   Code   RO          770    .ARM.Collect$$libinit$$00000031  c_p.l(libinit2.o)
    0x00028126   0x00000002   Code   RO          801    .ARM.Collect$$libshutdown$$00000000  c_p.l(libshutdown.o)
    0x00028128   0x00000000   Code   RO          828    .ARM.Collect$$libshutdown$$00000003  c_p.l(libshutdown2.o)
    0x00028128   0x00000000   Code   RO          831    .ARM.Collect$$libshutdown$$00000006  c_p.l(libshutdown2.o)
    0x00028128   0x00000000   Code   RO          834    .ARM.Collect$$libshutdown$$00000009  c_p.l(libshutdown2.o)
    0x00028128   0x00000000   Code   RO          836    .ARM.Collect$$libshutdown$$0000000B  c_p.l(libshutdown2.o)
    0x00028128   0x00000000   Code   RO          839    .ARM.Collect$$libshutdown$$0000000E  c_p.l(libshutdown2.o)
    0x00028128   0x00000002   Code   RO          840    .ARM.Collect$$libshutdown$$0000000F  c_p.l(libshutdown2.o)
    0x0002812a   0x00000000   Code   RO          679    .ARM.Collect$$rtentry$$00000000  c_p.l(rtentry.o)
    0x0002812a   0x00000000   Code   RO          685    .ARM.Collect$$rtentry$$00000002  c_p.l(rtentry2.o)
    0x0002812a   0x00000006   Code   RO          697    .ARM.Collect$$rtentry$$00000004  c_p.l(rtentry4.o)
    0x00028130   0x00000000   Code   RO          687    .ARM.Collect$$rtentry$$00000009  c_p.l(rtentry2.o)
    0x00028130   0x00000004   Code   RO          688    .ARM.Collect$$rtentry$$0000000A  c_p.l(rtentry2.o)
    0x00028134   0x00000000   Code   RO          690    .ARM.Collect$$rtentry$$0000000C  c_p.l(rtentry2.o)
    0x00028134   0x00000008   Code   RO          691    .ARM.Collect$$rtentry$$0000000D  c_p.l(rtentry2.o)
    0x0002813c   0x00000002   Code   RO          720    .ARM.Collect$$rtexit$$00000000  c_p.l(rtexit.o)
    0x0002813e   0x00000000   Code   RO          774    .ARM.Collect$$rtexit$$00000002  c_p.l(rtexit2.o)
    0x0002813e   0x00000004   Code   RO          775    .ARM.Collect$$rtexit$$00000003  c_p.l(rtexit2.o)
    0x00028142   0x00000006   Code   RO          776    .ARM.Collect$$rtexit$$00000004  c_p.l(rtexit2.o)
    0x00028148   0x0000001e   Code   RO          241    .emb_text           nrf_delay.o
    0x00028166   0x00000002   PAD
    0x00028168   0x0000001e   Code   RO          272    .emb_text           simple_uart.o
    0x00028186   0x00000002   PAD
    0x00028188   0x0000001e   Code   RO          299    .emb_text           app_timer.o
    0x000281a6   0x00000002   PAD
    0x000281a8   0x00000028   Code   RO          634    .emb_text           dfu_ctrl.o
    0x000281d0   0x00000038   Code   RO          663    .emb_text           c_p.l(rt_memcpy.o)
    0x00028208   0x00000108   Code   RO            4    .text               main.o
    0x00028310   0x000003bc   Code   RO          193    .text               xprintf.o
    0x000286cc   0x00000044   Code   RO          217    .text               arm_startup_nrf51.o
    0x00028710   0x00000098   Code   RO          221    .text               system_nrf51.o
    0x000287a8   0x0000003c   Code   RO          242    .text               nrf_delay.o
    0x000287e4   0x0000011c   Code   RO          273    .text               simple_uart.o
    0x00028900   0x00000ad8   Code   RO          300    .text               app_timer.o
    0x000293d8   0x000005d4   Code   RO          340    .text               ble_advdata.o
    0x000299ac   0x00000308   Code   RO          366    .text               ble_conn_params.o
    0x00029cb4   0x00000044   Code   RO          405    .text               ble_debug_assert_handler.o
    0x00029cf8   0x000001a4   Code   RO          427    .text               ble_error_log.o
    0x00029e9c   0x00000244   Code   RO          454    .text               ble_flash.o
    0x0002a0e0   0x0000010c   Code   RO          479    .text               ble_stack_handler.o
    0x0002a1ec   0x00000340   Code   RO          507    .text               ble_nus.o
    0x0002a52c   0x00000a4c   Code   RO          549    .text               ble_startup.o
    0x0002af78   0x00000270   Code   RO          584    .text               flash_ctrl.o
    0x0002b1e8   0x0000013c   Code   RO          608    .text               timer.o
    0x0002b324   0x0000009c   Code   RO          635    .text               dfu_ctrl.o
    0x0002b3c0   0x00000082   Code   RO          664    .text               c_p.l(rt_memcpy.o)
    0x0002b442   0x00000040   Code   RO          667    .text               c_p.l(rt_memclr.o)
    0x0002b482   0x00000002   PAD
    0x0002b484   0x0000006c   Code   RO          669    .text               c_p.l(strncpy.o)
    0x0002b4f0   0x0000015a   Code   RO          671    .text               c_p.l(aeabi_sdiv.o)
    0x0002b64a   0x00000006   Code   RO          675    .text               c_p.l(heapauxi.o)
    0x0002b650   0x0000003e   Code   RO          701    .text               c_p.l(sys_stackheap_outer.o)
    0x0002b68e   0x0000000c   Code   RO          704    .text               c_p.l(exit.o)
    0x0002b69a   0x00000002   PAD
    0x0002b69c   0x00000008   Code   RO          716    .text               c_p.l(libspace.o)
    0x0002b6a4   0x0000000c   Code   RO          771    .text               c_p.l(sys_exit.o)
    0x0002b6b0   0x00000002   Code   RO          790    .text               c_p.l(use_no_semi.o)
    0x0002b6b2   0x00000000   Code   RO          792    .text               c_p.l(indicate_semi.o)
    0x0002b6b2   0x00000002   PAD
    0x0002b6b4   0x00000010   Data   RO          508    .constdata          ble_nus.o
    0x0002b6c4   0x00000004   Data   RO          551    .constdata          ble_startup.o
    0x0002b6c8   0x00000010   Data   RO          841    Region$$Table       anon$$obj.o


    Execution Region RW_IRAM1 (Base: 0x20002000, Size: 0x000011e8, Max: 0x00002000, ABSOLUTE, UNINIT)

    Base Addr    Size         Type   Attr      Idx    E Section Name        Object

    0x20002000   0x00000008   Data   RW          194    .data               xprintf.o
    0x20002008   0x00000004   Data   RW          222    .data               system_nrf51.o
    0x2000200c   0x00000024   Data   RW          301    .data               app_timer.o
    0x20002030   0x0000001c   Data   RW          368    .data               ble_conn_params.o
    0x2000204c   0x00000008   Data   RW          407    .data               ble_debug_assert_handler.o
    0x20002054   0x00000001   Data   RW          429    .data               ble_error_log.o
    0x20002055   0x00000001   Data   RW          455    .data               ble_flash.o
    0x20002056   0x00000002   PAD
    0x20002058   0x0000000e   Data   RW          480    .data               ble_stack_handler.o
    0x20002066   0x00000002   PAD
    0x20002068   0x00000012   Data   RW          552    .data               ble_startup.o
    0x2000207a   0x00000002   PAD
    0x2000207c   0x0000001c   Zero   RW          367    .bss                ble_conn_params.o
    0x20002098   0x00000080   Zero   RW          406    .bss                ble_debug_assert_handler.o
    0x20002118   0x00000188   Zero   RW          428    .bss                ble_error_log.o
    0x200022a0   0x000006e4   Zero   RW          550    .bss                ble_startup.o
    0x20002984   0x00000060   Zero   RW          717    .bss                c_p.l(libspace.o)
    0x200029e4   0x00000004   PAD
    0x200029e8   0x00000000   Zero   RW          215    HEAP                arm_startup_nrf51.o
    0x200029e8   0x00000800   Zero   RW          214    STACK               arm_startup_nrf51.o


==============================================================================

Image component sizes


      Code (inc. data)   RO Data    RW Data    ZI Data      Debug   Object Name

      2806        172          0         36          0      23763   app_timer.o
        68         28        192          0       2048        648   arm_startup_nrf51.o
      1492          6          0          0          0      11766   ble_advdata.o
       776         38          0         28         28      13902   ble_conn_params.o
        68         12          0          8        128       1203   ble_debug_assert_handler.o
       420         54          0          1        392       4436   ble_error_log.o
       580         22          0          1          0       4601   ble_flash.o
       832          6         16          0          0       3254   ble_nus.o
       268         58          0         14          0       6393   ble_stack_handler.o
      2636        786          4         18       1764       9117   ble_startup.o
       196         34          0          0          0       7806   dfu_ctrl.o
       624         34          0          0          0       3066   flash_ctrl.o
       264        132          0          0          0      67171   main.o
        90          6          0          0          0       1568   nrf_delay.o
       314         16          0          0          0       4492   simple_uart.o
       152         26          0          4          0       1073   system_nrf51.o
       316         30          0          0          0       7057   timer.o
       956         42          0          8          0       4268   xprintf.o

    ----------------------------------------------------------------------
     12864       1502        228        124       4360     175584   Object Totals
         0          0         16          0          0          0   (incl. Generated)
         6          0          0          6          0          0   (incl. Padding)

    ----------------------------------------------------------------------

      Code (inc. data)   RO Data    RW Data    ZI Data      Debug   Library Member Name

         8          0          0          0          0         68   __main.o
        60          8          0          0          0          0   __scatter.o
        26          0          0          0          0          0   __scatter_copy.o
       346          0          0          0          0         92   aeabi_sdiv.o
        12          0          0          0          0         64   exit.o
         6          0          0          0          0        136   heapauxi.o
         0          0          0          0          0          0   indicate_semi.o
         2          0          0          0          0          0   libinit.o
         6          0          0          0          0          0   libinit2.o
         2          0          0          0          0          0   libshutdown.o
         2          0          0          0          0          0   libshutdown2.o
         8          4          0          0         96         68   libspace.o
        64          0          0          0          0        108   rt_memclr.o
       186          0          0          0          0        144   rt_memcpy.o
         0          0          0          0          0          0   rtentry.o
        12          0          0          0          0          0   rtentry2.o
         6          0          0          0          0          0   rtentry4.o
         2          0          0          0          0          0   rtexit.o
        10          0          0          0          0          0   rtexit2.o
       108          4          0          0          0         76   strncpy.o
        12          4          0          0          0         60   sys_exit.o
        62          0          0          0          0         80   sys_stackheap_outer.o
         2          0          0          0          0         68   use_no_semi.o

    ----------------------------------------------------------------------
       948         20          0          0        100        964   Library Totals
         6          0          0          0          4          0   (incl. Padding)

    ----------------------------------------------------------------------

      Code (inc. data)   RO Data    RW Data    ZI Data      Debug   Library Name

       942         20          0          0         96        964   c_p.l

    ----------------------------------------------------------------------
       948         20          0          0        100        964   Library Totals

    ----------------------------------------------------------------------

==============================================================================


      Code (inc. data)   RO Data    RW Data    ZI Data      Debug   

     13812       1522        228        124       4460     174576   Grand Totals
     13812       1522        228        124       4460     174576   ELF Image Totals
     13812       1522        228        124          0          0   ROM Totals

==============================================================================

    Total RO  Size (Code + RO Data)                14040 (  13.71kB)
    Total RW  Size (RW Data + ZI Data)              4584 (   4.48kB)
    Total ROM Size (Code + RO Data + RW Data)      14164 (  13.83kB)

==============================================================================

